../tensorflow_lite/tensorflow/lite/micro/kernels/cmsis_nn/conv.cc:41:7:void* tflite::{anonymous}::Init(TfLiteContext*, const char*, size_t)	8	static
../tensorflow_lite/tensorflow/lite/micro/kernels/cmsis_nn/conv.cc:46:14:TfLiteStatus tflite::{anonymous}::Prepare(TfLiteContext*, TfLiteNode*)	224	static
../tensorflow_lite/tensorflow/lite/micro/kernels/cmsis_nn/conv.cc:243:14:TfLiteStatus tflite::{anonymous}::EvalQuantizedPerChannel16x8(TfLiteContext*, TfLiteNode*, const TfLiteConvParams&, const tflite::{anonymous}::OpData&, const TfLiteEvalTensor*, const TfLiteEvalTensor*, const TfLiteEvalTensor*, TfLiteEvalTensor*)	280	static
../tensorflow_lite/tensorflow/lite/micro/kernels/cmsis_nn/conv.cc:361:14:TfLiteStatus tflite::{anonymous}::EvalInt16x8(TfLiteContext*, TfLiteNode*)	40	static
../tensorflow_lite/tensorflow/lite/micro/kernels/cmsis_nn/conv.cc:143:14:TfLiteStatus tflite::{anonymous}::EvalQuantizedPerChannel(TfLiteContext*, TfLiteNode*, const TfLiteConvParams&, const tflite::{anonymous}::OpData&, const TfLiteEvalTensor*, const TfLiteEvalTensor*, const TfLiteEvalTensor*, TfLiteEvalTensor*)	280	static
../tensorflow_lite/tensorflow/lite/micro/kernels/cmsis_nn/conv.cc:339:14:TfLiteStatus tflite::{anonymous}::EvalInt8(TfLiteContext*, TfLiteNode*)	40	static
../tensorflow_lite/tensorflow/lite/micro/kernels/cmsis_nn/conv.cc:383:14:TfLiteStatus tflite::{anonymous}::Eval(TfLiteContext*, TfLiteNode*)	424	static
../tensorflow_lite/tensorflow/lite/micro/kernels/cmsis_nn/conv.cc:441:20:TfLiteRegistration tflite::Register_CONV_2D()	16	static
../tensorflow_lite/tensorflow/lite/micro/kernels/cmsis_nn/conv.cc:445:20:TfLiteRegistration tflite::Register_CONV_2D_INT8()	16	static
../tensorflow_lite/tensorflow/lite/micro/kernels/cmsis_nn/conv.cc:449:20:TfLiteRegistration tflite::Register_CONV_2D_INT16()	16	static
