../tensorflow_lite/tensorflow/lite/micro/kernels/cmsis_nn/depthwise_conv.cc:53:7:void* tflite::{anonymous}::Init(TfLiteContext*, const char*, size_t)	8	static
../tensorflow_lite/tensorflow/lite/micro/kernels/cmsis_nn/depthwise_conv.cc:58:14:TfLiteStatus tflite::{anonymous}::Prepare(TfLiteContext*, TfLiteNode*)	280	static
../tensorflow_lite/tensorflow/lite/micro/kernels/cmsis_nn/depthwise_conv.cc:274:6:void tflite::{anonymous}::EvalQuantizedPerChannel16x8(TfLiteContext*, TfLiteNode*, const TfLiteDepthwiseConvParams&, const tflite::{anonymous}::OpData&, const TfLiteEvalTensor*, const TfLiteEvalTensor*, const TfLiteEvalTensor*, TfLiteEvalTensor*)	288	static
../tensorflow_lite/tensorflow/lite/micro/kernels/cmsis_nn/depthwise_conv.cc:380:14:TfLiteStatus tflite::{anonymous}::EvalInt16x8(TfLiteContext*, TfLiteNode*)	48	static
../tensorflow_lite/tensorflow/lite/micro/kernels/cmsis_nn/depthwise_conv.cc:238:6:void tflite::{anonymous}::EvalQuantizedPerChannel(TfLiteContext*, TfLiteNode*, const TfLiteDepthwiseConvParams&, const tflite::{anonymous}::OpData&, const TfLiteEvalTensor*, const TfLiteEvalTensor*, const TfLiteEvalTensor*, TfLiteEvalTensor*)	288	static
../tensorflow_lite/tensorflow/lite/micro/kernels/cmsis_nn/depthwise_conv.cc:356:14:TfLiteStatus tflite::{anonymous}::EvalInt8(TfLiteContext*, TfLiteNode*)	56	static
/home/kai/Documents/workspace/PlaneCU/stm/tensorflow_lite/tensorflow/lite/kernels/internal/reference/depthwiseconv_float.h:25:13:void tflite::reference_ops::DepthwiseConv(const tflite::DepthwiseParams&, const tflite::RuntimeShape&, const float*, const tflite::RuntimeShape&, const float*, const tflite::RuntimeShape&, const float*, const tflite::RuntimeShape&, float*)	208	static
../tensorflow_lite/tensorflow/lite/micro/kernels/cmsis_nn/depthwise_conv.cc:307:14:TfLiteStatus tflite::{anonymous}::Eval(TfLiteContext*, TfLiteNode*)	224	static
../tensorflow_lite/tensorflow/lite/micro/kernels/cmsis_nn/depthwise_conv.cc:406:20:TfLiteRegistration tflite::Register_DEPTHWISE_CONV_2D()	16	static
../tensorflow_lite/tensorflow/lite/micro/kernels/cmsis_nn/depthwise_conv.cc:410:20:TfLiteRegistration tflite::Register_DEPTHWISE_CONV_2D_INT8()	16	static
../tensorflow_lite/tensorflow/lite/micro/kernels/cmsis_nn/depthwise_conv.cc:414:20:TfLiteRegistration tflite::Register_DEPTHWISE_CONV_2D_INT16()	16	static
