../tensorflow_lite/tensorflow/lite/micro/kernels/cmsis_nn/fully_connected.cc:48:7:void* tflite::{anonymous}::Init(TfLiteContext*, const char*, size_t)	8	static
../tensorflow_lite/tensorflow/lite/micro/kernels/cmsis_nn/fully_connected.cc:53:14:TfLiteStatus tflite::{anonymous}::Prepare(TfLiteContext*, TfLiteNode*)	176	static
../tensorflow_lite/tensorflow/lite/micro/kernels/cmsis_nn/fully_connected.cc:252:14:TfLiteStatus tflite::{anonymous}::EvalQuantizedInt16(TfLiteContext*, TfLiteNode*, const tflite::{anonymous}::OpData&, const TfLiteEvalTensor*, const TfLiteEvalTensor*, const TfLiteEvalTensor*, TfLiteEvalTensor*)	168	static
../tensorflow_lite/tensorflow/lite/micro/kernels/cmsis_nn/fully_connected.cc:370:14:TfLiteStatus tflite::{anonymous}::EvalInt16(TfLiteContext*, TfLiteNode*)	32	static
../tensorflow_lite/tensorflow/lite/micro/kernels/cmsis_nn/fully_connected.cc:176:14:TfLiteStatus tflite::{anonymous}::EvalQuantizedInt8(TfLiteContext*, TfLiteNode*, const tflite::{anonymous}::OpData&, const TfLiteEvalTensor*, const TfLiteEvalTensor*, const TfLiteEvalTensor*, TfLiteEvalTensor*)	248	static
../tensorflow_lite/tensorflow/lite/micro/kernels/cmsis_nn/fully_connected.cc:347:14:TfLiteStatus tflite::{anonymous}::EvalInt8(TfLiteContext*, TfLiteNode*)	32	static
../tensorflow_lite/tensorflow/lite/micro/kernels/cmsis_nn/fully_connected.cc:290:14:TfLiteStatus tflite::{anonymous}::Eval(TfLiteContext*, TfLiteNode*)	208	static
../tensorflow_lite/tensorflow/lite/micro/kernels/cmsis_nn/fully_connected.cc:395:20:TfLiteRegistration tflite::Register_FULLY_CONNECTED()	16	static
../tensorflow_lite/tensorflow/lite/micro/kernels/cmsis_nn/fully_connected.cc:399:20:TfLiteRegistration tflite::Register_FULLY_CONNECTED_INT8()	16	static
../tensorflow_lite/tensorflow/lite/micro/kernels/cmsis_nn/fully_connected.cc:403:20:TfLiteRegistration tflite::Register_FULLY_CONNECTED_INT16()	16	static
