../tensorflow_lite/tensorflow/lite/micro/kernels/cmsis_nn/softmax.cc:37:7:void* tflite::{anonymous}::Init(TfLiteContext*, const char*, size_t)	8	static
../tensorflow_lite/tensorflow/lite/micro/kernels/cmsis_nn/softmax.cc:133:14:TfLiteStatus tflite::{anonymous}::SoftmaxEvalInt8(TfLiteContext*, TfLiteNode*)	40	static
../tensorflow_lite/tensorflow/lite/micro/kernels/cmsis_nn/softmax.cc:150:14:TfLiteStatus tflite::{anonymous}::SoftmaxEvalInt8_Int16(TfLiteContext*, TfLiteNode*)	40	static
../tensorflow_lite/tensorflow/lite/micro/kernels/cmsis_nn/softmax.cc:167:14:TfLiteStatus tflite::{anonymous}::SoftmaxEvalInt16(TfLiteContext*, TfLiteNode*)	40	static
../tensorflow_lite/tensorflow/lite/micro/kernels/cmsis_nn/softmax.cc:43:14:TfLiteStatus tflite::{anonymous}::Prepare(TfLiteContext*, TfLiteNode*)	104	static
../tensorflow_lite/tensorflow/lite/micro/kernels/cmsis_nn/softmax.cc:77:14:TfLiteStatus tflite::{anonymous}::SoftmaxEval(TfLiteContext*, TfLiteNode*)	152	static
../tensorflow_lite/tensorflow/lite/micro/kernels/cmsis_nn/softmax.cc:192:20:TfLiteRegistration tflite::Register_SOFTMAX()	16	static
../tensorflow_lite/tensorflow/lite/micro/kernels/cmsis_nn/softmax.cc:196:20:TfLiteRegistration tflite::Register_SOFTMAX_INT8()	16	static
../tensorflow_lite/tensorflow/lite/micro/kernels/cmsis_nn/softmax.cc:200:20:TfLiteRegistration tflite::Register_SOFTMAX_INT8_INT16()	16	static
../tensorflow_lite/tensorflow/lite/micro/kernels/cmsis_nn/softmax.cc:204:20:TfLiteRegistration tflite::Register_SOFTMAX_INT16()	16	static
