../tensorflow_lite/tensorflow/lite/micro/kernels/broadcast_args.cc:31:14:TfLiteStatus tflite::{anonymous}::BroadcastArgsPrepare(TfLiteContext*, TfLiteNode*)	48	static
../tensorflow_lite/tensorflow/lite/micro/kernels/broadcast_args.cc:86:20:TfLiteRegistration tflite::Register_BROADCAST_ARGS()	16	static
/home/kai/Documents/workspace/PlaneCU/stm/tensorflow_lite/tensorflow/lite/kernels/internal/reference/broadcast_args.h:25:6:void tflite::reference_ops::BroadcastArgs(const tflite::RuntimeShape&, const T*, const tflite::RuntimeShape&, const T*, const tflite::RuntimeShape&, T*) [with T = long int]	32	static
/home/kai/Documents/workspace/PlaneCU/stm/tensorflow_lite/tensorflow/lite/kernels/internal/reference/broadcast_args.h:25:6:void tflite::reference_ops::BroadcastArgs(const tflite::RuntimeShape&, const T*, const tflite::RuntimeShape&, const T*, const tflite::RuntimeShape&, T*) [with T = long long int]	48	static
../tensorflow_lite/tensorflow/lite/micro/kernels/broadcast_args.cc:62:14:TfLiteStatus tflite::{anonymous}::BroadcastArgsEval(TfLiteContext*, TfLiteNode*)	160	static
