../tensorflow_lite/tensorflow/lite/micro/kernels/comparisons.cc:534:7:void* tflite::ops::micro::comparisons::Init(TfLiteContext*, const char*, size_t)	8	static
../tensorflow_lite/tensorflow/lite/micro/kernels/comparisons.cc:539:14:TfLiteStatus tflite::ops::micro::comparisons::Prepare(TfLiteContext*, TfLiteNode*)	56	static
../tensorflow_lite/tensorflow/lite/micro/kernels/comparisons.cc:585:20:TfLiteRegistration tflite::ops::micro::Register_EQUAL()	16	static
../tensorflow_lite/tensorflow/lite/micro/kernels/comparisons.cc:590:20:TfLiteRegistration tflite::ops::micro::Register_NOT_EQUAL()	16	static
../tensorflow_lite/tensorflow/lite/micro/kernels/comparisons.cc:595:20:TfLiteRegistration tflite::ops::micro::Register_GREATER()	16	static
../tensorflow_lite/tensorflow/lite/micro/kernels/comparisons.cc:600:20:TfLiteRegistration tflite::ops::micro::Register_GREATER_EQUAL()	16	static
../tensorflow_lite/tensorflow/lite/micro/kernels/comparisons.cc:605:20:TfLiteRegistration tflite::ops::micro::Register_LESS()	16	static
../tensorflow_lite/tensorflow/lite/micro/kernels/comparisons.cc:610:20:TfLiteRegistration tflite::ops::micro::Register_LESS_EQUAL()	16	static
/home/kai/Documents/university/polybox/Semester/HS23/MLonMCU/Exercise6/image_classification/tensorflow_lite/tensorflow/lite/kernels/internal/reference/comparisons.h:168:13:void tflite::reference_ops::BroadcastComparison4DSlowWithScaling(const tflite::ComparisonParams&, const tflite::RuntimeShape&, const T*, const tflite::RuntimeShape&, const T*, const tflite::RuntimeShape&, bool*) [with T = signed char; bool (* F)(long int, long int) = tflite::reference_ops::EqualFn<long int>]	424	static
../tensorflow_lite/tensorflow/lite/micro/kernels/comparisons.cc:37:14:TfLiteStatus tflite::ops::micro::comparisons::{anonymous}::EqualEval(TfLiteContext*, TfLiteNode*)	1056	static
/home/kai/Documents/university/polybox/Semester/HS23/MLonMCU/Exercise6/image_classification/tensorflow_lite/tensorflow/lite/kernels/internal/reference/comparisons.h:168:13:void tflite::reference_ops::BroadcastComparison4DSlowWithScaling(const tflite::ComparisonParams&, const tflite::RuntimeShape&, const T*, const tflite::RuntimeShape&, const T*, const tflite::RuntimeShape&, bool*) [with T = signed char; bool (* F)(long int, long int) = tflite::reference_ops::NotEqualFn<long int>]	424	static
../tensorflow_lite/tensorflow/lite/micro/kernels/comparisons.cc:129:14:TfLiteStatus tflite::ops::micro::comparisons::{anonymous}::NotEqualEval(TfLiteContext*, TfLiteNode*)	1056	static
/home/kai/Documents/university/polybox/Semester/HS23/MLonMCU/Exercise6/image_classification/tensorflow_lite/tensorflow/lite/kernels/internal/reference/comparisons.h:168:13:void tflite::reference_ops::BroadcastComparison4DSlowWithScaling(const tflite::ComparisonParams&, const tflite::RuntimeShape&, const T*, const tflite::RuntimeShape&, const T*, const tflite::RuntimeShape&, bool*) [with T = signed char; bool (* F)(long int, long int) = tflite::reference_ops::GreaterFn<long int>]	424	static
../tensorflow_lite/tensorflow/lite/micro/kernels/comparisons.cc:220:14:TfLiteStatus tflite::ops::micro::comparisons::{anonymous}::GreaterEval(TfLiteContext*, TfLiteNode*)	856	static
/home/kai/Documents/university/polybox/Semester/HS23/MLonMCU/Exercise6/image_classification/tensorflow_lite/tensorflow/lite/kernels/internal/reference/comparisons.h:168:13:void tflite::reference_ops::BroadcastComparison4DSlowWithScaling(const tflite::ComparisonParams&, const tflite::RuntimeShape&, const T*, const tflite::RuntimeShape&, const T*, const tflite::RuntimeShape&, bool*) [with T = signed char; bool (* F)(long int, long int) = tflite::reference_ops::GreaterEqualFn<long int>]	424	static
../tensorflow_lite/tensorflow/lite/micro/kernels/comparisons.cc:298:14:TfLiteStatus tflite::ops::micro::comparisons::{anonymous}::GreaterEqualEval(TfLiteContext*, TfLiteNode*)	856	static
/home/kai/Documents/university/polybox/Semester/HS23/MLonMCU/Exercise6/image_classification/tensorflow_lite/tensorflow/lite/kernels/internal/reference/comparisons.h:168:13:void tflite::reference_ops::BroadcastComparison4DSlowWithScaling(const tflite::ComparisonParams&, const tflite::RuntimeShape&, const T*, const tflite::RuntimeShape&, const T*, const tflite::RuntimeShape&, bool*) [with T = signed char; bool (* F)(long int, long int) = tflite::reference_ops::LessFn<long int>]	424	static
../tensorflow_lite/tensorflow/lite/micro/kernels/comparisons.cc:376:14:TfLiteStatus tflite::ops::micro::comparisons::{anonymous}::LessEval(TfLiteContext*, TfLiteNode*)	856	static
/home/kai/Documents/university/polybox/Semester/HS23/MLonMCU/Exercise6/image_classification/tensorflow_lite/tensorflow/lite/kernels/internal/reference/comparisons.h:168:13:void tflite::reference_ops::BroadcastComparison4DSlowWithScaling(const tflite::ComparisonParams&, const tflite::RuntimeShape&, const T*, const tflite::RuntimeShape&, const T*, const tflite::RuntimeShape&, bool*) [with T = signed char; bool (* F)(long int, long int) = tflite::reference_ops::LessEqualFn<long int>]	424	static
../tensorflow_lite/tensorflow/lite/micro/kernels/comparisons.cc:454:14:TfLiteStatus tflite::ops::micro::comparisons::{anonymous}::LessEqualEval(TfLiteContext*, TfLiteNode*)	856	static
