../tensorflow_lite/tensorflow/lite/micro/kernels/div.cc:67:7:void* tflite::{anonymous}::Init(TfLiteContext*, const char*, size_t)	8	static
../tensorflow_lite/tensorflow/lite/micro/kernels/div.cc:72:14:TfLiteStatus tflite::{anonymous}::Prepare(TfLiteContext*, TfLiteNode*)	48	static
../tensorflow_lite/tensorflow/lite/micro/kernels/div.cc:203:20:TfLiteRegistration tflite::Register_DIV()	16	static
/home/kai/Documents/university/polybox/Semester/HS23/MLonMCU/Exercise6/image_classification/tensorflow_lite/third_party/gemmlowp/fixedpoint/fixedpoint.h:842:25:gemmlowp::FixedPoint<tRawType, 0> gemmlowp::one_over_one_plus_x_for_x_in_0_1(gemmlowp::FixedPoint<tRawType, 0>) [with tRawType = long int]	12	static
/home/kai/Documents/university/polybox/Semester/HS23/MLonMCU/Exercise6/image_classification/tensorflow_lite/tensorflow/lite/kernels/internal/reference/div.h:103:13:void tflite::reference_ops::BroadcastDivSlowQuantized(const tflite::ArithmeticParams&, const tflite::RuntimeShape&, const T*, const tflite::RuntimeShape&, const T*, const tflite::RuntimeShape&, T*) [with T = signed char; int N = 5]	256	static
../tensorflow_lite/tensorflow/lite/micro/kernels/div.cc:129:14:TfLiteStatus tflite::{anonymous}::EvalQuantized(TfLiteContext*, TfLiteNode*, TfLiteDivParams*, const tflite::{anonymous}::OpDataDiv*, const TfLiteEvalTensor*, const TfLiteEvalTensor*, TfLiteEvalTensor*)	344	static
/home/kai/Documents/university/polybox/Semester/HS23/MLonMCU/Exercise6/image_classification/tensorflow_lite/tensorflow/lite/kernels/internal/common.h:1057:51:typename std::enable_if<(DIM != (N - 1)), void>::type tflite::NDOpsHelperImpl(const tflite::NdArrayDesc<N>&, const Calc&, int*) [with int N = 5; int DIM = 1; Calc = tflite::reference_ops::BroadcastDivSlow<float, 5>::<lambda(int*)>]	64	static
../tensorflow_lite/tensorflow/lite/micro/kernels/div.cc:99:6:void tflite::{anonymous}::EvalDiv(TfLiteContext*, TfLiteNode*, TfLiteDivParams*, const tflite::{anonymous}::OpDataDiv*, const TfLiteEvalTensor*, const TfLiteEvalTensor*, TfLiteEvalTensor*)	496	static
../tensorflow_lite/tensorflow/lite/micro/kernels/div.cc:172:14:TfLiteStatus tflite::{anonymous}::Eval(TfLiteContext*, TfLiteNode*)	24	static
