../tensorflow_lite/tensorflow/lite/micro/kernels/l2norm.cc:80:7:void* tflite::ops::micro::l2norm::Init(TfLiteContext*, const char*, size_t)	8	static
../tensorflow_lite/tensorflow/lite/micro/kernels/l2norm.cc:41:14:TfLiteStatus tflite::ops::micro::l2norm::Prepare(TfLiteContext*, TfLiteNode*)	56	static
../tensorflow_lite/tensorflow/lite/micro/kernels/l2norm.cc:86:14:TfLiteStatus tflite::ops::micro::l2norm::Eval(TfLiteContext*, TfLiteNode*)	184	static
../tensorflow_lite/tensorflow/lite/micro/kernels/l2norm.cc:139:20:TfLiteRegistration tflite::ops::micro::Register_L2NORM_REF()	16	static
../tensorflow_lite/tensorflow/lite/micro/kernels/l2norm.cc:143:20:TfLiteRegistration tflite::ops::micro::Register_L2_NORMALIZATION()	16	static
