../tensorflow_lite/tensorflow/lite/micro/kernels/pad.cc:40:7:void* tflite::ops::micro::pad::Init(TfLiteContext*, const char*, size_t)	8	static
../tensorflow_lite/tensorflow/lite/micro/kernels/pad.cc:45:14:TfLiteStatus tflite::ops::micro::pad::Prepare(TfLiteContext*, TfLiteNode*)	136	static
../tensorflow_lite/tensorflow/lite/micro/kernels/pad.cc:142:14:TfLiteStatus tflite::ops::micro::pad::Eval(TfLiteContext*, TfLiteNode*)	1000	static
../tensorflow_lite/tensorflow/lite/micro/kernels/pad.cc:225:20:TfLiteRegistration tflite::ops::micro::Register_PAD()	16	static
../tensorflow_lite/tensorflow/lite/micro/kernels/pad.cc:230:20:TfLiteRegistration tflite::ops::micro::Register_PADV2()	16	static
