../tensorflow_lite/tensorflow/lite/micro/kernels/softmax_common.cc:75:14:TfLiteStatus tflite::CalculateSoftmaxParams(TfLiteContext*, const TfLiteTensor*, TfLiteTensor*, const TfLiteSoftmaxParams*, tflite::SoftmaxParams*)	128	static
../tensorflow_lite/tensorflow/lite/micro/kernels/softmax_common.cc:134:7:void* tflite::SoftmaxInit(TfLiteContext*, const char*, size_t)	8	static
../tensorflow_lite/tensorflow/lite/micro/kernels/softmax_common.cc:139:14:TfLiteStatus tflite::SoftmaxPrepare(TfLiteContext*, TfLiteNode*)	48	static
