../tensorflow_lite/tensorflow/lite/micro/kernels/space_to_batch_nd.cc:41:7:void* tflite::{anonymous}::Init(TfLiteContext*, const char*, size_t)	8	static
../tensorflow_lite/tensorflow/lite/micro/kernels/space_to_batch_nd.cc:46:14:TfLiteStatus tflite::{anonymous}::Prepare(TfLiteContext*, TfLiteNode*)	40	static
../tensorflow_lite/tensorflow/lite/micro/kernels/space_to_batch_nd.cc:69:14:TfLiteStatus tflite::{anonymous}::Eval(TfLiteContext*, TfLiteNode*)	344	static
../tensorflow_lite/tensorflow/lite/micro/kernels/space_to_batch_nd.cc:116:20:TfLiteRegistration tflite::Register_SPACE_TO_BATCH_ND()	16	static
