../tensorflow_lite/tensorflow/lite/micro/kernels/sub.cc:34:7:void* tflite::SubInit(TfLiteContext*, const char*, size_t)	8	static
../tensorflow_lite/tensorflow/lite/micro/kernels/sub.cc:164:20:TfLiteRegistration tflite::Register_SUB()	16	static
/home/kai/Documents/workspace/PlaneCU/stm/tensorflow_lite/tensorflow/lite/kernels/internal/common.h:1075:13:void tflite::NDOpsHelper(const tflite::NdArrayDesc<N>&, const Calc&) [with int N = 5; Calc = tflite::reference_ops::BroadcastQuantSubSlow<signed char>(const tflite::ArithmeticParams&, const tflite::RuntimeShape&, const signed char*, const tflite::RuntimeShape&, const signed char*, const tflite::RuntimeShape&, signed char*)::<lambda(int*)>]	48	static
/home/kai/Documents/workspace/PlaneCU/stm/tensorflow_lite/tensorflow/lite/kernels/internal/common.h:1075:13:void tflite::NDOpsHelper(const tflite::NdArrayDesc<N>&, const Calc&) [with int N = 5; Calc = tflite::reference_ops::BroadcastQuantSubSlow<short int>(const tflite::ArithmeticParams&, const tflite::RuntimeShape&, const short int*, const tflite::RuntimeShape&, const short int*, const tflite::RuntimeShape&, short int*)::<lambda(int*)>]	120	static
../tensorflow_lite/tensorflow/lite/micro/kernels/sub.cc:66:14:TfLiteStatus tflite::EvalSubQuantized(TfLiteContext*, TfLiteNode*, TfLiteSubParams*, const tflite::OpDataSub*, const TfLiteEvalTensor*, const TfLiteEvalTensor*, TfLiteEvalTensor*)	936	static
/home/kai/Documents/workspace/PlaneCU/stm/tensorflow_lite/tensorflow/lite/kernels/internal/common.h:1057:51:typename std::enable_if<(DIM != (N - 1)), void>::type tflite::NDOpsHelperImpl(const tflite::NdArrayDesc<N>&, const Calc&, int*) [with int N = 5; int DIM = 1; Calc = tflite::reference_ops::BroadcastSubSlow<>(const tflite::ArithmeticParams&, const tflite::RuntimeShape&, const float*, const tflite::RuntimeShape&, const float*, const tflite::RuntimeShape&, float*)::<lambda(int*)>]	56	static
../tensorflow_lite/tensorflow/lite/micro/kernels/sub.cc:39:6:void tflite::EvalSub(TfLiteContext*, TfLiteNode*, TfLiteSubParams*, const tflite::OpDataSub*, const TfLiteEvalTensor*, const TfLiteEvalTensor*, TfLiteEvalTensor*)	464	static
../tensorflow_lite/tensorflow/lite/micro/kernels/sub.cc:137:14:TfLiteStatus tflite::SubEval(TfLiteContext*, TfLiteNode*)	48	static
