../tensorflow_lite/tensorflow/lite/micro/kernels/tanh.cc:44:7:void* tflite::ops::micro::activations::{anonymous}::TanhInit(TfLiteContext*, const char*, size_t)	8	static
../tensorflow_lite/tensorflow/lite/micro/kernels/tanh.cc:134:14:TfLiteStatus tflite::ops::micro::activations::{anonymous}::TanhPrepare(TfLiteContext*, TfLiteNode*)	80	static
../tensorflow_lite/tensorflow/lite/micro/kernels/tanh.cc:197:20:TfLiteRegistration tflite::ops::micro::Register_TANH()	16	static
/home/kai/Documents/university/polybox/Semester/HS23/MLonMCU/Exercise6/image_classification/tensorflow_lite/third_party/gemmlowp/fixedpoint/fixedpoint.h:795:25:gemmlowp::FixedPoint<tRawType, 0> gemmlowp::one_minus_x_over_one_plus_x_for_x_in_0_1(gemmlowp::FixedPoint<tRawType, 0>) [with tRawType = long int]	12	static
/home/kai/Documents/university/polybox/Semester/HS23/MLonMCU/Exercise6/image_classification/tensorflow_lite/third_party/gemmlowp/fixedpoint/fixedpoint.h:721:25:gemmlowp::FixedPoint<tRawType, 0> gemmlowp::exp_on_interval_between_negative_one_quarter_and_0_excl(gemmlowp::FixedPoint<tRawType, 0>) [with tRawType = long int]	16	static
/home/kai/Documents/university/polybox/Semester/HS23/MLonMCU/Exercise6/image_classification/tensorflow_lite/third_party/gemmlowp/fixedpoint/fixedpoint.h:746:25:gemmlowp::FixedPoint<tRawType, 0> gemmlowp::exp_on_negative_values(gemmlowp::FixedPoint<tRawType, tIntegerBits_a>) [with tRawType = long int; int tIntegerBits = 5]	16	static
../tensorflow_lite/tensorflow/lite/micro/kernels/tanh.cc:152:14:TfLiteStatus tflite::ops::micro::activations::TanhEval(TfLiteContext*, TfLiteNode*)	216	static
