../tensorflow_lite/tensorflow/lite/micro/kernels/transpose_conv.cc:143:7:void* tflite::{anonymous}::Init(TfLiteContext*, const char*, size_t)	8	static
../tensorflow_lite/tensorflow/lite/micro/kernels/transpose_conv.cc:148:14:TfLiteStatus tflite::{anonymous}::Prepare(TfLiteContext*, TfLiteNode*)	184	static
/home/kai/Documents/university/polybox/Semester/HS23/MLonMCU/Exercise6/image_classification/tensorflow_lite/tensorflow/lite/kernels/internal/reference/integer_ops/transpose_conv.h:126:13:void tflite::reference_integer_ops::TransposeConv(const tflite::ConvParams&, const int32_t*, const int32_t*, const tflite::RuntimeShape&, const int16_t*, const tflite::RuntimeShape&, const int8_t*, const tflite::RuntimeShape&, const Scalar*, const tflite::RuntimeShape&, int16_t*, const tflite::RuntimeShape&, int8_t*, Scalar*) [with Scalar = long long int]	136	static
../tensorflow_lite/tensorflow/lite/micro/kernels/transpose_conv.cc:239:14:TfLiteStatus tflite::{anonymous}::Eval(TfLiteContext*, TfLiteNode*)	552	static
../tensorflow_lite/tensorflow/lite/micro/kernels/transpose_conv.cc:339:20:TfLiteRegistration tflite::Register_TRANSPOSE_CONV()	16	static
