/home/kai/Documents/university/polybox/Semester/HS23/MLonMCU/Exercise6/image_classification/tensorflow_lite/tensorflow/lite/micro/micro_context.h:129:14:void* tflite::MicroContextAllocatePersistentBuffer(TfLiteContext*, size_t)	0	static
/home/kai/Documents/university/polybox/Semester/HS23/MLonMCU/Exercise6/image_classification/tensorflow_lite/tensorflow/lite/micro/micro_context.h:133:21:TfLiteStatus tflite::MicroContextRequestScratchBufferInArena(TfLiteContext*, size_t, int*)	0	static
/home/kai/Documents/university/polybox/Semester/HS23/MLonMCU/Exercise6/image_classification/tensorflow_lite/tensorflow/lite/micro/micro_context.h:138:14:void* tflite::MicroContextGetScratchBuffer(TfLiteContext*, int)	0	static
/home/kai/Documents/university/polybox/Semester/HS23/MLonMCU/Exercise6/image_classification/tensorflow_lite/tensorflow/lite/micro/micro_context.h:141:22:TfLiteTensor* tflite::MicroContextGetTensor(const TfLiteContext*, int)	0	static
/home/kai/Documents/university/polybox/Semester/HS23/MLonMCU/Exercise6/image_classification/tensorflow_lite/tensorflow/lite/micro/micro_context.h:145:26:TfLiteEvalTensor* tflite::MicroContextGetEvalTensor(const TfLiteContext*, int)	0	static
/home/kai/Documents/university/polybox/Semester/HS23/MLonMCU/Exercise6/image_classification/tensorflow_lite/tensorflow/lite/micro/micro_context.h:149:31:TfLiteExternalContext* tflite::MicroContextGetExternalContext(TfLiteContext*, TfLiteExternalContextType)	0	static
../tensorflow_lite/tensorflow/lite/micro/micro_interpreter.cc:37:1:tflite::MicroInterpreter::MicroInterpreter(const tflite::Model*, const tflite::MicroOpResolver&, uint8_t*, size_t, tflite::ErrorReporter*, tflite::MicroResourceVariables*, tflite::MicroProfiler*)	32	static
../tensorflow_lite/tensorflow/lite/micro/micro_interpreter.cc:59:1:tflite::MicroInterpreter::MicroInterpreter(const tflite::Model*, const tflite::MicroOpResolver&, tflite::MicroAllocator*, tflite::ErrorReporter*, tflite::MicroResourceVariables*, tflite::MicroProfiler*)	40	static
../tensorflow_lite/tensorflow/lite/micro/micro_interpreter.cc:84:6:void tflite::MicroInterpreter::Init(tflite::MicroProfiler*)	8	static
../tensorflow_lite/tensorflow/lite/micro/micro_interpreter.cc:299:15:TfLiteTensor* tflite::MicroInterpreter::input(size_t)	8	static
../tensorflow_lite/tensorflow/lite/micro/micro_interpreter.cc:310:15:TfLiteTensor* tflite::MicroInterpreter::output(size_t)	8	static
../tensorflow_lite/tensorflow/lite/micro/micro_interpreter.cc:335:14:TfLiteStatus tflite::MicroInterpreter::SetMicroExternalContext(void*)	0	static
../tensorflow_lite/tensorflow/lite/micro/micro_interpreter.cc:78:1:tflite::MicroInterpreter::~MicroInterpreter()	16	static
../tensorflow_lite/tensorflow/lite/micro/micro_interpreter.cc:94:14:TfLiteStatus tflite::MicroInterpreter::PrepareNodeAndRegistrationDataFromFlatbuffer()	96	static
../tensorflow_lite/tensorflow/lite/micro/micro_interpreter.cc:322:14:TfLiteStatus tflite::MicroInterpreter::Reset()	8	static
../tensorflow_lite/tensorflow/lite/micro/micro_interpreter.cc:331:14:TfLiteStatus tflite::MicroInterpreter::ResetVariableTensors()	0	static
../tensorflow_lite/tensorflow/lite/micro/micro_interpreter.cc:188:14:TfLiteStatus tflite::MicroInterpreter::AllocateTensors()	40	static
../tensorflow_lite/tensorflow/lite/micro/micro_interpreter.cc:284:14:TfLiteStatus tflite::MicroInterpreter::Invoke()	8	static
