../tensorflow_lite/tensorflow/lite/micro/micro_allocation_info.cc:34:6:void tflite::AllocationInfoBuilder::UpdateFirstCreated(tflite::AllocationInfo*, int)	8	static
../tensorflow_lite/tensorflow/lite/micro/micro_allocation_info.cc:45:6:void tflite::AllocationInfoBuilder::UpdateLastUsed(tflite::AllocationInfo*, int)	8	static
../tensorflow_lite/tensorflow/lite/micro/micro_allocation_info.cc:100:14:TfLiteStatus tflite::AllocationInfoBuilder::CreateAllocationInfo(int)	24	static
../tensorflow_lite/tensorflow/lite/micro/micro_allocation_info.cc:145:14:TfLiteStatus tflite::AllocationInfoBuilder::FreeAllocationInfo()	8	static
../tensorflow_lite/tensorflow/lite/micro/micro_allocation_info.cc:153:14:TfLiteStatus tflite::AllocationInfoBuilder::ValidateSubgraph(const tflite::SubGraph*, TfLiteEvalTensor*)	40	static
../tensorflow_lite/tensorflow/lite/micro/micro_allocation_info.cc:177:14:TfLiteStatus tflite::AllocationInfoBuilder::InitializeAllocationInfo(const int32_t*, tflite::SubgraphAllocations*)	48	static
../tensorflow_lite/tensorflow/lite/micro/micro_allocation_info.cc:224:14:TfLiteStatus tflite::AllocationInfoBuilder::MarkAllocationLifetimes(int, tflite::internal::ScratchBufferRequest*, tflite::ScratchBufferHandle*, tflite::SubgraphAllocations*)	80	static
../tensorflow_lite/tensorflow/lite/micro/micro_allocation_info.cc:51:14:TfLiteStatus tflite::AllocationInfoBuilder::MarkSubgraphLifetimesIfNecessary(const tflite::Operator*, tflite::internal::ScratchBufferRequest*, tflite::ScratchBufferHandle*, tflite::SubgraphAllocations*)	32	static
../tensorflow_lite/tensorflow/lite/micro/micro_allocation_info.cc:321:14:TfLiteStatus tflite::AllocationInfoBuilder::GetOfflinePlannedOffsets(const int32_t**)	48	static
