../tensorflow_lite/tensorflow/lite/micro/micro_graph.cc:53:1:tflite::MicroGraph::~MicroGraph()	0	static
../tensorflow_lite/tensorflow/lite/micro/micro_graph.cc:219:5:virtual int tflite::MicroGraph::NumSubgraphs()	0	static
../tensorflow_lite/tensorflow/lite/micro/micro_graph.cc:53:1:virtual tflite::MicroGraph::~MicroGraph()	8	static
../tensorflow_lite/tensorflow/lite/micro/micro_graph.cc:55:14:virtual TfLiteStatus tflite::MicroGraph::InitSubgraphs()	40	static
../tensorflow_lite/tensorflow/lite/micro/micro_graph.cc:119:14:virtual TfLiteStatus tflite::MicroGraph::FreeSubgraphs()	32	static
../tensorflow_lite/tensorflow/lite/micro/micro_graph.cc:89:14:virtual TfLiteStatus tflite::MicroGraph::PrepareSubgraphs()	40	static
../tensorflow_lite/tensorflow/lite/micro/micro_graph.cc:145:14:virtual TfLiteStatus tflite::MicroGraph::InvokeSubgraph(int)	48	static
../tensorflow_lite/tensorflow/lite/micro/micro_graph.cc:230:19:virtual TfLiteEvalTensor* tflite::MicroGraph::GetSubgraphInput(int, int)	16	static
../tensorflow_lite/tensorflow/lite/micro/micro_graph.cc:192:14:virtual TfLiteStatus tflite::MicroGraph::ResetVariableTensors()	56	static
../tensorflow_lite/tensorflow/lite/micro/micro_graph.cc:226:8:virtual size_t tflite::MicroGraph::NumSubgraphInputs(int)	8	static
../tensorflow_lite/tensorflow/lite/micro/micro_graph.cc:237:8:virtual size_t tflite::MicroGraph::NumSubgraphOutputs(int)	8	static
../tensorflow_lite/tensorflow/lite/micro/micro_graph.cc:241:19:virtual TfLiteEvalTensor* tflite::MicroGraph::GetSubgraphOutput(int, int)	16	static
../tensorflow_lite/tensorflow/lite/micro/micro_graph.cc:40:1:tflite::MicroGraph::MicroGraph(TfLiteContext*, const tflite::Model*, tflite::MicroAllocator*, tflite::MicroResourceVariables*)	4	static
../tensorflow_lite/tensorflow/lite/micro/micro_graph.cc:221:6:void tflite::MicroGraph::SetSubgraphAllocations(tflite::SubgraphAllocations*)	0	static
