/home/kai/Documents/university/polybox/Semester/HS23/MLonMCU/Exercise6/image_classification/tensorflow_lite/tensorflow/lite/micro/memory_planner/micro_memory_planner.h:64:24:virtual TfLiteStatus tflite::MicroMemoryPlanner::AddBuffer(tflite::ErrorReporter*, int, int, int, int)	0	static
/home/kai/Documents/university/polybox/Semester/HS23/MLonMCU/Exercise6/image_classification/tensorflow_lite/tensorflow/lite/micro/memory_planner/micro_memory_planner.h:83:24:virtual TfLiteStatus tflite::MicroMemoryPlanner::Init(unsigned char*, int)	0	static
../tensorflow_lite/tensorflow/lite/micro/micro_allocator.cc:63:9:virtual void* tflite::{anonymous}::MicroBuiltinDataAllocator::Allocate(size_t, size_t)	0	static
../tensorflow_lite/tensorflow/lite/micro/micro_allocator.cc:67:8:virtual void tflite::{anonymous}::MicroBuiltinDataAllocator::Deallocate(void*)	0	static
../tensorflow_lite/tensorflow/lite/micro/micro_allocator.cc:381:1:tflite::MicroAllocator::~MicroAllocator()	0	static
../tensorflow_lite/tensorflow/lite/micro/micro_allocator.cc:531:7:virtual void* tflite::MicroAllocator::AllocatePersistentBuffer(size_t)	0	static
../tensorflow_lite/tensorflow/lite/micro/micro_allocator.cc:742:14:virtual TfLiteStatus tflite::MicroAllocator::ResetTempAllocations()	0	static
../tensorflow_lite/tensorflow/lite/micro/micro_allocator.cc:746:6:virtual bool tflite::MicroAllocator::IsAllTempDeallocated()	0	static
../tensorflow_lite/tensorflow/lite/micro/micro_allocator.cc:811:15:virtual TfLiteTensor* tflite::MicroAllocator::AllocatePersistentTfLiteTensorInternal()	0	static
../tensorflow_lite/tensorflow/lite/micro/micro_allocator.cc:57:7:tflite::{anonymous}::MicroBuiltinDataAllocator::~MicroBuiltinDataAllocator()	0	static
../tensorflow_lite/tensorflow/lite/micro/micro_allocator.cc:678:6:virtual void tflite::MicroAllocator::DeallocateTempTfLiteTensor(TfLiteTensor*)	16	static
../tensorflow_lite/tensorflow/lite/micro/micro_allocator.cc:381:1:virtual tflite::MicroAllocator::~MicroAllocator()	8	static
../tensorflow_lite/tensorflow/lite/micro/micro_allocator.cc:57:7:virtual tflite::{anonymous}::MicroBuiltinDataAllocator::~MicroBuiltinDataAllocator()	8	static
../tensorflow_lite/tensorflow/lite/micro/micro_allocator.cc:917:14:virtual TfLiteStatus tflite::MicroAllocator::AllocateScratchBufferHandles(tflite::ScratchBufferHandle**, size_t)	8	static
../tensorflow_lite/tensorflow/lite/micro/micro_allocator.cc:834:14:virtual TfLiteStatus tflite::MicroAllocator::CommitStaticMemoryPlan(const tflite::Model*, tflite::SubgraphAllocations*, tflite::ScratchBufferHandle*)	112	static
../tensorflow_lite/tensorflow/lite/micro/micro_allocator.cc:787:14:virtual TfLiteStatus tflite::MicroAllocator::AllocateVariables(const tflite::SubGraph*, TfLiteEvalTensor*)	32	static
../tensorflow_lite/tensorflow/lite/micro/micro_allocator.cc:614:14:virtual TfLiteStatus tflite::MicroAllocator::AllocateNodeAndRegistrations(const tflite::Model*, tflite::SubgraphAllocations*)	24	static
../tensorflow_lite/tensorflow/lite/micro/micro_allocator.cc:641:15:virtual TfLiteTensor* tflite::MicroAllocator::AllocatePersistentTfLiteTensor(const tflite::Model*, const tflite::SubgraphAllocations*, int, int)	40	static
../tensorflow_lite/tensorflow/lite/micro/micro_allocator.cc:702:15:virtual TfLiteTensor* tflite::MicroAllocator::AllocateTempTfLiteTensor(const tflite::Model*, const tflite::SubgraphAllocations*, int, int)	40	static
../tensorflow_lite/tensorflow/lite/micro/micro_allocator.cc:169:7:void* tflite::internal::GetFlatbufferTensorBuffer(const tflite::Tensor&, const flatbuffers::Vector<flatbuffers::Offset<tflite::Buffer> >*)	8	static
../tensorflow_lite/tensorflow/lite/micro/micro_allocator.cc:750:14:virtual TfLiteStatus tflite::MicroAllocator::AllocateTfLiteEvalTensors(const tflite::Model*, tflite::SubgraphAllocations*)	64	static
../tensorflow_lite/tensorflow/lite/micro/micro_allocator.cc:199:14:TfLiteStatus tflite::internal::InitializeTfLiteTensorFromFlatbuffer(tflite::IPersistentBufferAllocator*, tflite::INonPersistentBufferAllocator*, bool, const tflite::Tensor&, const flatbuffers::Vector<flatbuffers::Offset<tflite::Buffer> >*, tflite::ErrorReporter*, TfLiteTensor*)	56	static
../tensorflow_lite/tensorflow/lite/micro/micro_allocator.cc:817:14:virtual TfLiteStatus tflite::MicroAllocator::PopulateTfLiteTensorFromFlatbuffer(const tflite::Model*, TfLiteTensor*, int, int, bool)	48	static
../tensorflow_lite/tensorflow/lite/micro/micro_allocator.cc:321:14:TfLiteStatus tflite::internal::InitializeTfLiteEvalTensorFromFlatbuffer(const tflite::Tensor&, const flatbuffers::Vector<flatbuffers::Offset<tflite::Buffer> >*, tflite::ErrorReporter*, TfLiteEvalTensor*)	24	static
../tensorflow_lite/tensorflow/lite/micro/micro_allocator.cc:345:8:static size_t tflite::MicroAllocator::GetDefaultTailUsage(bool)	16	static
../tensorflow_lite/tensorflow/lite/micro/micro_allocator.cc:362:1:tflite::MicroAllocator::MicroAllocator(tflite::SingleArenaBufferAllocator*, tflite::MicroMemoryPlanner*, tflite::ErrorReporter*)	4	static
../tensorflow_lite/tensorflow/lite/micro/micro_allocator.cc:371:1:tflite::MicroAllocator::MicroAllocator(tflite::IPersistentBufferAllocator*, tflite::INonPersistentBufferAllocator*, tflite::MicroMemoryPlanner*, tflite::ErrorReporter*)	0	static
../tensorflow_lite/tensorflow/lite/micro/micro_allocator.cc:383:17:static tflite::MicroAllocator* tflite::MicroAllocator::Create(uint8_t*, size_t, tflite::MicroMemoryPlanner*, tflite::ErrorReporter*)	24	static
../tensorflow_lite/tensorflow/lite/micro/micro_allocator.cc:396:17:static tflite::MicroAllocator* tflite::MicroAllocator::Create(uint8_t*, size_t, tflite::ErrorReporter*)	16	static
../tensorflow_lite/tensorflow/lite/micro/micro_allocator.cc:415:17:static tflite::MicroAllocator* tflite::MicroAllocator::Create(tflite::SingleArenaBufferAllocator*, tflite::MicroMemoryPlanner*, tflite::ErrorReporter*)	16	static
../tensorflow_lite/tensorflow/lite/micro/micro_allocator.cc:429:17:static tflite::MicroAllocator* tflite::MicroAllocator::Create(uint8_t*, size_t, uint8_t*, size_t, tflite::ErrorReporter*)	40	static
../tensorflow_lite/tensorflow/lite/micro/micro_allocator.cc:462:22:tflite::SubgraphAllocations* tflite::MicroAllocator::StartModelAllocation(const tflite::Model*)	16	static
../tensorflow_lite/tensorflow/lite/micro/micro_allocator.cc:502:14:TfLiteStatus tflite::MicroAllocator::FinishModelAllocation(const tflite::Model*, tflite::SubgraphAllocations*, tflite::ScratchBufferHandle**)	40	static
../tensorflow_lite/tensorflow/lite/micro/micro_allocator.cc:536:14:TfLiteStatus tflite::MicroAllocator::RequestScratchBufferInArena(size_t, int, int*)	24	static
../tensorflow_lite/tensorflow/lite/micro/micro_allocator.cc:579:14:TfLiteStatus tflite::MicroAllocator::FinishPrepareNodeAllocations(int)	16	static
../tensorflow_lite/tensorflow/lite/micro/micro_allocator.cc:609:8:size_t tflite::MicroAllocator::used_bytes() const	8	static
../tensorflow_lite/tensorflow/lite/micro/micro_allocator.cc:830:16:tflite::ErrorReporter* tflite::MicroAllocator::error_reporter() const	0	static
../tensorflow_lite/tensorflow/lite/micro/micro_allocator.cc:936:14:TfLiteStatus tflite::MicroAllocator::InitScratchBufferData()	8	static
../tensorflow_lite/tensorflow/lite/micro/micro_allocator.cc:955:33:tflite::internal::ScratchBufferRequest* tflite::MicroAllocator::GetScratchBufferRequests()	0	static
../tensorflow_lite/tensorflow/lite/micro/micro_allocator.cc:960:23:tflite::BuiltinDataAllocator* tflite::MicroAllocator::GetBuiltinDataAllocator()	0	static
