/home/kai/Documents/university/polybox/Semester/HS23/MLonMCU/Exercise6/image_classification/tensorflow_lite/tensorflow/lite/micro/recording_micro_allocator.h:55:7:tflite::RecordingMicroAllocator::~RecordingMicroAllocator()	8	static
/home/kai/Documents/university/polybox/Semester/HS23/MLonMCU/Exercise6/image_classification/tensorflow_lite/tensorflow/lite/micro/recording_micro_allocator.h:55:7:virtual tflite::RecordingMicroAllocator::~RecordingMicroAllocator()	8	static
../tensorflow_lite/tensorflow/lite/micro/recording_micro_allocator.cc:29:8:static size_t tflite::RecordingMicroAllocator::GetDefaultTailUsage()	16	static
../tensorflow_lite/tensorflow/lite/micro/recording_micro_allocator.cc:46:1:tflite::RecordingMicroAllocator::RecordingMicroAllocator(tflite::RecordingSingleArenaBufferAllocator*, tflite::MicroMemoryPlanner*, tflite::ErrorReporter*)	16	static
../tensorflow_lite/tensorflow/lite/micro/recording_micro_allocator.cc:53:26:static tflite::RecordingMicroAllocator* tflite::RecordingMicroAllocator::Create(uint8_t*, size_t, tflite::ErrorReporter*)	24	static
../tensorflow_lite/tensorflow/lite/micro/recording_micro_allocator.cc:76:20:tflite::RecordedAllocation tflite::RecordingMicroAllocator::GetRecordedAllocation(tflite::RecordedAllocationType) const	16	static
../tensorflow_lite/tensorflow/lite/micro/recording_micro_allocator.cc:100:1:const tflite::RecordingSingleArenaBufferAllocator* tflite::RecordingMicroAllocator::GetSimpleMemoryAllocator() const	0	static
../tensorflow_lite/tensorflow/lite/micro/recording_micro_allocator.cc:104:6:void tflite::RecordingMicroAllocator::PrintAllocations() const	40	static
../tensorflow_lite/tensorflow/lite/micro/recording_micro_allocator.cc:144:6:void tflite::RecordingMicroAllocator::PrintRecordedAllocation(tflite::RecordedAllocationType, const char*, const char*) const	48	static
../tensorflow_lite/tensorflow/lite/micro/recording_micro_allocator.cc:242:20:tflite::RecordedAllocation tflite::RecordingMicroAllocator::SnapshotAllocationUsage() const	16	static
../tensorflow_lite/tensorflow/lite/micro/recording_micro_allocator.cc:248:6:void tflite::RecordingMicroAllocator::RecordAllocationUsage(const tflite::RecordedAllocation&, tflite::RecordedAllocation&)	16	static
../tensorflow_lite/tensorflow/lite/micro/recording_micro_allocator.cc:136:7:virtual void* tflite::RecordingMicroAllocator::AllocatePersistentBuffer(size_t)	24	static
../tensorflow_lite/tensorflow/lite/micro/recording_micro_allocator.cc:160:14:virtual TfLiteStatus tflite::RecordingMicroAllocator::AllocateNodeAndRegistrations(const tflite::Model*, tflite::SubgraphAllocations*)	40	static
../tensorflow_lite/tensorflow/lite/micro/recording_micro_allocator.cc:185:14:virtual TfLiteStatus tflite::RecordingMicroAllocator::AllocateTfLiteEvalTensors(const tflite::Model*, tflite::SubgraphAllocations*)	40	static
../tensorflow_lite/tensorflow/lite/micro/recording_micro_allocator.cc:206:14:virtual TfLiteStatus tflite::RecordingMicroAllocator::AllocateVariables(const tflite::SubGraph*, TfLiteEvalTensor*)	32	static
../tensorflow_lite/tensorflow/lite/micro/recording_micro_allocator.cc:219:1:virtual TfLiteTensor* tflite::RecordingMicroAllocator::AllocatePersistentTfLiteTensorInternal()	24	static
../tensorflow_lite/tensorflow/lite/micro/recording_micro_allocator.cc:229:14:virtual TfLiteStatus tflite::RecordingMicroAllocator::PopulateTfLiteTensorFromFlatbuffer(const tflite::Model*, TfLiteTensor*, int, int, bool)	48	static
