../tensorflow_lite/tensorflow/lite/micro/test_helpers.cc:58:8:virtual void tflite::testing::{anonymous}::StackAllocator::deallocate(uint8_t*, size_t)	0	static
../tensorflow_lite/tensorflow/lite/micro/test_helpers.cc:1348:14:static TfLiteStatus tflite::testing::SimpleStatefulOp::Prepare(TfLiteContext*, TfLiteNode*)	40	static
../tensorflow_lite/tensorflow/lite/micro/test_helpers.cc:1437:6:static void tflite::testing::MockCustom::Free(TfLiteContext*, void*)	0	static
../tensorflow_lite/tensorflow/lite/micro/test_helpers.cc:1439:14:static TfLiteStatus tflite::testing::MockCustom::Prepare(TfLiteContext*, TfLiteNode*)	0	static
../tensorflow_lite/tensorflow/lite/micro/test_helpers.cc:1485:6:static void tflite::testing::MultipleInputs::Free(TfLiteContext*, void*)	0	static
../tensorflow_lite/tensorflow/lite/micro/test_helpers.cc:1539:6:static void tflite::testing::NoOp::Free(TfLiteContext*, void*)	0	static
../tensorflow_lite/tensorflow/lite/micro/test_helpers.cc:44:7:tflite::testing::{anonymous}::StackAllocator::~StackAllocator()	0	static
/home/kai/Documents/university/polybox/Semester/HS23/MLonMCU/Exercise6/image_classification/tensorflow_lite/third_party/flatbuffers/include/flatbuffers/flatbuffers.h:640:7:flatbuffers::DefaultAllocator::~DefaultAllocator()	0	static
../tensorflow_lite/tensorflow/lite/micro/test_helpers.cc:1336:7:static void* tflite::testing::SimpleStatefulOp::Init(TfLiteContext*, const char*, size_t)	8	static
../tensorflow_lite/tensorflow/lite/micro/test_helpers.cc:1427:7:static void* tflite::testing::MockCustom::Init(TfLiteContext*, const char*, size_t)	8	static
../tensorflow_lite/tensorflow/lite/micro/test_helpers.cc:1475:7:static void* tflite::testing::MultipleInputs::Init(TfLiteContext*, const char*, size_t)	8	static
../tensorflow_lite/tensorflow/lite/micro/test_helpers.cc:1530:7:static void* tflite::testing::NoOp::Init(TfLiteContext*, const char*, size_t)	8	static
../tensorflow_lite/tensorflow/lite/micro/test_helpers.cc:50:12:virtual uint8_t* tflite::testing::{anonymous}::StackAllocator::allocate(size_t)	8	static
../tensorflow_lite/tensorflow/lite/micro/test_helpers.cc:1443:14:static TfLiteStatus tflite::testing::MockCustom::Invoke(TfLiteContext*, TfLiteNode*)	24	static
../tensorflow_lite/tensorflow/lite/micro/test_helpers.cc:1493:14:static TfLiteStatus tflite::testing::MultipleInputs::Invoke(TfLiteContext*, TfLiteNode*)	32	static
../tensorflow_lite/tensorflow/lite/micro/test_helpers.cc:1374:14:static TfLiteStatus tflite::testing::SimpleStatefulOp::Invoke(TfLiteContext*, TfLiteNode*)	40	static
/home/kai/Documents/university/polybox/Semester/HS23/MLonMCU/Exercise6/image_classification/tensorflow_lite/tensorflow/lite/micro/micro_mutable_op_resolver.h:61:29:const TfLiteRegistration* tflite::MicroMutableOpResolver<tOpCount>::FindOp(const char*) const [with unsigned int tOpCount = 128]	24	static
/home/kai/Documents/university/polybox/Semester/HS23/MLonMCU/Exercise6/image_classification/tensorflow_lite/third_party/flatbuffers/include/flatbuffers/flatbuffers.h:642:12:virtual uint8_t* flatbuffers::DefaultAllocator::allocate(size_t)	0	static
/home/kai/Documents/university/polybox/Semester/HS23/MLonMCU/Exercise6/image_classification/tensorflow_lite/third_party/flatbuffers/include/flatbuffers/flatbuffers.h:646:8:virtual void flatbuffers::DefaultAllocator::deallocate(uint8_t*, size_t)	0	static
/home/kai/Documents/university/polybox/Semester/HS23/MLonMCU/Exercise6/image_classification/tensorflow_lite/third_party/flatbuffers/include/flatbuffers/flatbuffers.h:614:20:virtual uint8_t* flatbuffers::Allocator::reallocate_downward(uint8_t*, size_t, size_t, size_t, size_t)	32	static
../tensorflow_lite/tensorflow/lite/micro/test_helpers.cc:44:7:virtual tflite::testing::{anonymous}::StackAllocator::~StackAllocator()	8	static
/home/kai/Documents/university/polybox/Semester/HS23/MLonMCU/Exercise6/image_classification/tensorflow_lite/third_party/flatbuffers/include/flatbuffers/flatbuffers.h:640:7:virtual flatbuffers::DefaultAllocator::~DefaultAllocator()	8	static
../tensorflow_lite/tensorflow/lite/micro/test_helpers.cc:1545:14:static TfLiteStatus tflite::testing::NoOp::Invoke(TfLiteContext*, TfLiteNode*)	0	static
../tensorflow_lite/tensorflow/lite/micro/test_helpers.cc:77:33:flatbuffers::FlatBufferBuilder* tflite::testing::{anonymous}::BuilderInstance()	24	static
/home/kai/Documents/university/polybox/Semester/HS23/MLonMCU/Exercise6/image_classification/tensorflow_lite/third_party/flatbuffers/include/flatbuffers/flatbuffers.h:1343:8:void flatbuffers::FlatBufferBuilder::NotNested()	8	static
../tensorflow_lite/tensorflow/lite/micro/test_helpers.cc:1489:14:static TfLiteStatus tflite::testing::MultipleInputs::Prepare(TfLiteContext*, TfLiteNode*)	0	static
../tensorflow_lite/tensorflow/lite/micro/test_helpers.cc:1541:14:static TfLiteStatus tflite::testing::NoOp::Prepare(TfLiteContext*, TfLiteNode*)	0	static
/home/kai/Documents/university/polybox/Semester/HS23/MLonMCU/Exercise6/image_classification/tensorflow_lite/third_party/flatbuffers/include/flatbuffers/flatbuffers.h:917:10:size_t flatbuffers::vector_downward::ensure_space(size_t)	64	static
/home/kai/Documents/university/polybox/Semester/HS23/MLonMCU/Exercise6/image_classification/tensorflow_lite/third_party/flatbuffers/include/flatbuffers/flatbuffers.h:1585:8:void flatbuffers::FlatBufferBuilder::StartVector(size_t, size_t)	16	static
/home/kai/Documents/university/polybox/Semester/HS23/MLonMCU/Exercise6/image_classification/tensorflow_lite/third_party/flatbuffers/include/flatbuffers/flatbuffers.h:1304:29:void flatbuffers::FlatBufferBuilder::AddElement(flatbuffers::voffset_t, T, T) [with T = long unsigned int]	24	static
/home/kai/Documents/university/polybox/Semester/HS23/MLonMCU/Exercise6/image_classification/tensorflow_lite/third_party/flatbuffers/include/flatbuffers/flatbuffers.h:1182:12:uint8_t* flatbuffers::FlatBufferBuilder::GetBufferPointer() const	8	static
/home/kai/Documents/university/polybox/Semester/HS23/MLonMCU/Exercise6/image_classification/tensorflow_lite/third_party/flatbuffers/include/flatbuffers/flatbuffers.h:1335:13:flatbuffers::uoffset_t flatbuffers::FlatBufferBuilder::ReferTo(flatbuffers::uoffset_t)	16	static
/home/kai/Documents/university/polybox/Semester/HS23/MLonMCU/Exercise6/image_classification/tensorflow_lite/third_party/flatbuffers/include/flatbuffers/flatbuffers.h:2020:8:void flatbuffers::FlatBufferBuilder::Finish(flatbuffers::uoffset_t, const char*, bool)	24	static
/home/kai/Documents/university/polybox/Semester/HS23/MLonMCU/Exercise6/image_classification/tensorflow_lite/third_party/flatbuffers/include/flatbuffers/flatbuffers.h:1368:13:flatbuffers::uoffset_t flatbuffers::FlatBufferBuilder::EndTable(flatbuffers::uoffset_t)	56	static
/home/kai/Documents/university/polybox/Semester/HS23/MLonMCU/Exercise6/image_classification/tensorflow_lite/tensorflow/lite/schema/schema_generated.h:4336:36:flatbuffers::Offset<tflite::Tensor> tflite::CreateTensor(flatbuffers::FlatBufferBuilder&, flatbuffers::Offset<flatbuffers::Vector<long int> >, tflite::TensorType, uint32_t, flatbuffers::Offset<flatbuffers::String>, flatbuffers::Offset<tflite::QuantizationParameters>, bool, flatbuffers::Offset<tflite::SparsityParameters>, flatbuffers::Offset<flatbuffers::Vector<long int> >, bool)	40	static
/home/kai/Documents/university/polybox/Semester/HS23/MLonMCU/Exercise6/image_classification/tensorflow_lite/third_party/flatbuffers/include/flatbuffers/flatbuffers.h:1470:18:flatbuffers::Offset<flatbuffers::String> flatbuffers::FlatBufferBuilder::CreateString(const char*, size_t)	24	static
/home/kai/Documents/university/polybox/Semester/HS23/MLonMCU/Exercise6/image_classification/tensorflow_lite/tensorflow/lite/schema/schema_generated.h:11522:42:flatbuffers::Offset<tflite::OperatorCode> tflite::CreateOperatorCodeDirect(flatbuffers::FlatBufferBuilder&, int8_t, const char*, int32_t, tflite::BuiltinOperator)	24	static
/home/kai/Documents/university/polybox/Semester/HS23/MLonMCU/Exercise6/image_classification/tensorflow_lite/third_party/flatbuffers/include/flatbuffers/flatbuffers.h:1579:13:flatbuffers::uoffset_t flatbuffers::FlatBufferBuilder::EndVector(size_t)	16	static
/home/kai/Documents/university/polybox/Semester/HS23/MLonMCU/Exercise6/image_classification/tensorflow_lite/third_party/flatbuffers/include/flatbuffers/flatbuffers.h:1640:29:flatbuffers::Offset<flatbuffers::Vector<flatbuffers::Offset<T> > > flatbuffers::FlatBufferBuilder::CreateVector(const flatbuffers::Offset<T>*, size_t) [with T = tflite::Tensor]	72	static
/home/kai/Documents/university/polybox/Semester/HS23/MLonMCU/Exercise6/image_classification/tensorflow_lite/third_party/flatbuffers/include/flatbuffers/flatbuffers.h:1640:29:flatbuffers::Offset<flatbuffers::Vector<flatbuffers::Offset<T> > > flatbuffers::FlatBufferBuilder::CreateVector(const flatbuffers::Offset<T>*, size_t) [with T = tflite::Tensor]	72	static
/home/kai/Documents/university/polybox/Semester/HS23/MLonMCU/Exercise6/image_classification/tensorflow_lite/third_party/flatbuffers/include/flatbuffers/flatbuffers.h:1640:29:flatbuffers::Offset<flatbuffers::Vector<flatbuffers::Offset<T> > > flatbuffers::FlatBufferBuilder::CreateVector(const flatbuffers::Offset<T>*, size_t) [with T = tflite::Operator]	16	static
/home/kai/Documents/university/polybox/Semester/HS23/MLonMCU/Exercise6/image_classification/tensorflow_lite/third_party/flatbuffers/include/flatbuffers/flatbuffers.h:1640:29:flatbuffers::Offset<flatbuffers::Vector<flatbuffers::Offset<T> > > flatbuffers::FlatBufferBuilder::CreateVector(const flatbuffers::Offset<T>*, size_t) [with T = tflite::OperatorCode]	16	static
/home/kai/Documents/university/polybox/Semester/HS23/MLonMCU/Exercise6/image_classification/tensorflow_lite/third_party/flatbuffers/include/flatbuffers/flatbuffers.h:1640:29:flatbuffers::Offset<flatbuffers::Vector<flatbuffers::Offset<T> > > flatbuffers::FlatBufferBuilder::CreateVector(const flatbuffers::Offset<T>*, size_t) [with T = tflite::SubGraph]	64	static
/home/kai/Documents/university/polybox/Semester/HS23/MLonMCU/Exercise6/image_classification/tensorflow_lite/third_party/flatbuffers/include/flatbuffers/flatbuffers.h:1640:29:flatbuffers::Offset<flatbuffers::Vector<flatbuffers::Offset<T> > > flatbuffers::FlatBufferBuilder::CreateVector(const flatbuffers::Offset<T>*, size_t) [with T = tflite::Buffer]	16	static
/home/kai/Documents/university/polybox/Semester/HS23/MLonMCU/Exercise6/image_classification/tensorflow_lite/third_party/flatbuffers/include/flatbuffers/flatbuffers.h:1615:42:flatbuffers::Offset<flatbuffers::Vector<T> > flatbuffers::FlatBufferBuilder::CreateVector(const T*, size_t) [with T = long int]	16	static
/home/kai/Documents/university/polybox/Semester/HS23/MLonMCU/Exercise6/image_classification/tensorflow_lite/third_party/flatbuffers/include/flatbuffers/flatbuffers.h:1615:42:flatbuffers::Offset<flatbuffers::Vector<T> > flatbuffers::FlatBufferBuilder::CreateVector(const T*, size_t) [with T = long int]	16	static
../tensorflow_lite/tensorflow/lite/micro/test_helpers.cc:260:22:tflite::testing::{anonymous}::ModelBuilder::Tensor tflite::testing::{anonymous}::ModelBuilder::AddTensorImpl(tflite::TensorType, bool, std::initializer_list<long int>)	48	static
../tensorflow_lite/tensorflow/lite/micro/test_helpers.cc:260:22:tflite::testing::{anonymous}::ModelBuilder::Tensor tflite::testing::{anonymous}::ModelBuilder::AddTensorImpl(tflite::TensorType, bool, std::initializer_list<long int>)	56	static
/home/kai/Documents/university/polybox/Semester/HS23/MLonMCU/Exercise6/image_classification/tensorflow_lite/tensorflow/lite/schema/schema_generated.h:4336:36:flatbuffers::Offset<tflite::Tensor> tflite::CreateTensor(flatbuffers::FlatBufferBuilder&, flatbuffers::Offset<flatbuffers::Vector<long int> >, tflite::TensorType, uint32_t, flatbuffers::Offset<flatbuffers::String>, flatbuffers::Offset<tflite::QuantizationParameters>, bool, flatbuffers::Offset<tflite::SparsityParameters>, flatbuffers::Offset<flatbuffers::Vector<long int> >, bool)	40	static
/home/kai/Documents/university/polybox/Semester/HS23/MLonMCU/Exercise6/image_classification/tensorflow_lite/tensorflow/lite/schema/schema_generated.h:12525:38:flatbuffers::Offset<tflite::Operator> tflite::CreateOperator(flatbuffers::FlatBufferBuilder&, uint32_t, flatbuffers::Offset<flatbuffers::Vector<long int> >, flatbuffers::Offset<flatbuffers::Vector<long int> >, tflite::BuiltinOptions, flatbuffers::Offset<void>, flatbuffers::Offset<flatbuffers::Vector<unsigned char> >, tflite::CustomOptionsFormat, flatbuffers::Offset<flatbuffers::Vector<unsigned char> >, flatbuffers::Offset<flatbuffers::Vector<long int> >)	40	static
../tensorflow_lite/tensorflow/lite/micro/test_helpers.cc:167:20:tflite::testing::{anonymous}::ModelBuilder::Node tflite::testing::{anonymous}::ModelBuilder::AddNode(tflite::testing::{anonymous}::ModelBuilder::Operator, std::initializer_list<long int>, std::initializer_list<long int>, std::initializer_list<long int>)	80	static
/home/kai/Documents/university/polybox/Semester/HS23/MLonMCU/Exercise6/image_classification/tensorflow_lite/tensorflow/lite/schema/schema_generated.h:12668:38:flatbuffers::Offset<tflite::SubGraph> tflite::CreateSubGraph(flatbuffers::FlatBufferBuilder&, flatbuffers::Offset<flatbuffers::Vector<flatbuffers::Offset<tflite::Tensor> > >, flatbuffers::Offset<flatbuffers::Vector<long int> >, flatbuffers::Offset<flatbuffers::Vector<long int> >, flatbuffers::Offset<flatbuffers::Vector<flatbuffers::Offset<tflite::Operator> > >, flatbuffers::Offset<flatbuffers::String>)	32	static
/home/kai/Documents/university/polybox/Semester/HS23/MLonMCU/Exercise6/image_classification/tensorflow_lite/tensorflow/lite/schema/schema_generated.h:12753:36:flatbuffers::Offset<tflite::Buffer> tflite::CreateBuffer(flatbuffers::FlatBufferBuilder&, flatbuffers::Offset<flatbuffers::Vector<unsigned char> >)	16	static
/home/kai/Documents/university/polybox/Semester/HS23/MLonMCU/Exercise6/image_classification/tensorflow_lite/tensorflow/lite/schema/schema_generated.h:13163:35:flatbuffers::Offset<tflite::Model> tflite::CreateModel(flatbuffers::FlatBufferBuilder&, uint32_t, flatbuffers::Offset<flatbuffers::Vector<flatbuffers::Offset<tflite::OperatorCode> > >, flatbuffers::Offset<flatbuffers::Vector<flatbuffers::Offset<tflite::SubGraph> > >, flatbuffers::Offset<flatbuffers::String>, flatbuffers::Offset<flatbuffers::Vector<flatbuffers::Offset<tflite::Buffer> > >, flatbuffers::Offset<flatbuffers::Vector<long int> >, flatbuffers::Offset<flatbuffers::Vector<flatbuffers::Offset<tflite::Metadata> > >, flatbuffers::Offset<flatbuffers::Vector<flatbuffers::Offset<tflite::SignatureDef> > >)	40	static
../tensorflow_lite/tensorflow/lite/micro/test_helpers.cc:199:14:const tflite::Model* tflite::testing::{anonymous}::ModelBuilder::BuildModel(std::initializer_list<long int>, std::initializer_list<long int>, size_t)	152	static
../tensorflow_lite/tensorflow/lite/micro/test_helpers.cc:486:14:const tflite::Model* tflite::testing::{anonymous}::BuildModelWith256x256Tensor()	664	static
../tensorflow_lite/tensorflow/lite/micro/test_helpers.cc:294:14:const tflite::Model* tflite::testing::{anonymous}::BuildSimpleModelWithBranch()	688	static
../tensorflow_lite/tensorflow/lite/micro/test_helpers.cc:334:14:const tflite::Model* tflite::testing::{anonymous}::BuildModelWithOfflinePlanning(int, const int32_t*, tflite::testing::NodeConnection*, int, int)	624	static
../tensorflow_lite/tensorflow/lite/micro/test_helpers.cc:272:14:const tflite::Model* tflite::testing::{anonymous}::BuildSimpleStatefulModel()	656	static
../tensorflow_lite/tensorflow/lite/micro/test_helpers.cc:1324:27:static const TfLiteRegistration* tflite::testing::SimpleStatefulOp::getRegistration()	0	static
../tensorflow_lite/tensorflow/lite/micro/test_helpers.cc:1328:21:static TfLiteRegistration* tflite::testing::SimpleStatefulOp::GetMutableRegistration()	0	static
../tensorflow_lite/tensorflow/lite/micro/test_helpers.cc:1414:27:static const TfLiteRegistration* tflite::testing::MockCustom::getRegistration()	4	static
../tensorflow_lite/tensorflow/lite/micro/test_helpers.cc:1418:21:static TfLiteRegistration* tflite::testing::MockCustom::GetMutableRegistration()	4	static
../tensorflow_lite/tensorflow/lite/micro/test_helpers.cc:1462:27:static const TfLiteRegistration* tflite::testing::MultipleInputs::getRegistration()	4	static
../tensorflow_lite/tensorflow/lite/micro/test_helpers.cc:1466:21:static TfLiteRegistration* tflite::testing::MultipleInputs::GetMutableRegistration()	4	static
../tensorflow_lite/tensorflow/lite/micro/test_helpers.cc:1517:27:static const TfLiteRegistration* tflite::testing::NoOp::getRegistration()	4	static
../tensorflow_lite/tensorflow/lite/micro/test_helpers.cc:1521:21:static TfLiteRegistration* tflite::testing::NoOp::GetMutableRegistration()	4	static
../tensorflow_lite/tensorflow/lite/micro/test_helpers.cc:1551:16:tflite::AllOpsResolver tflite::testing::GetOpResolver()	40	static
../tensorflow_lite/tensorflow/lite/micro/test_helpers.cc:1563:14:const tflite::Model* tflite::testing::GetModelWithUnusedInputs()	128	static
../tensorflow_lite/tensorflow/lite/micro/test_helpers.cc:1571:14:const tflite::Model* tflite::testing::GetModelWithUnusedOperatorOutputs()	104	static
../tensorflow_lite/tensorflow/lite/micro/test_helpers.cc:1579:14:const tflite::Model* tflite::testing::GetModelWith256x256Tensor()	16	static
../tensorflow_lite/tensorflow/lite/micro/test_helpers.cc:1584:14:const tflite::Model* tflite::testing::GetSimpleMockModel()	152	static
../tensorflow_lite/tensorflow/lite/micro/test_helpers.cc:1592:14:const tflite::Model* tflite::testing::GetSimpleMultipleInputsModel()	136	static
../tensorflow_lite/tensorflow/lite/micro/test_helpers.cc:1600:14:const tflite::Model* tflite::testing::GetSimpleModelWithSubgraphsAndIf()	216	static
../tensorflow_lite/tensorflow/lite/micro/test_helpers.cc:1608:14:const tflite::Model* tflite::testing::GetSimpleModelWithSubgraphsAndWhile()	200	static
../tensorflow_lite/tensorflow/lite/micro/test_helpers.cc:1616:14:const tflite::Model* tflite::testing::GetModelWithIfAndSubgraphInputTensorOverlap()	240	static
../tensorflow_lite/tensorflow/lite/micro/test_helpers.cc:1624:14:const tflite::Model* tflite::testing::GetSimpleModelWithNullInputsAndOutputs()	104	static
../tensorflow_lite/tensorflow/lite/micro/test_helpers.cc:1632:14:const tflite::Model* tflite::testing::GetComplexMockModel()	200	static
../tensorflow_lite/tensorflow/lite/micro/test_helpers.cc:1640:14:const tflite::Model* tflite::testing::GetSimpleModelWithBranch()	8	static
../tensorflow_lite/tensorflow/lite/micro/test_helpers.cc:1648:14:const tflite::Model* tflite::testing::GetModelWithOfflinePlanning(int, const int32_t*, tflite::testing::NodeConnection*, int, int)	0	static
../tensorflow_lite/tensorflow/lite/micro/test_helpers.cc:1658:14:const tflite::Model* tflite::testing::GetSimpleStatefulModel()	8	static
../tensorflow_lite/tensorflow/lite/micro/test_helpers.cc:1666:15:const tflite::Tensor* tflite::testing::Create1dFlatbufferTensor(int, bool)	48	static
../tensorflow_lite/tensorflow/lite/micro/test_helpers.cc:1681:15:const tflite::Tensor* tflite::testing::CreateQuantizedFlatbufferTensor(int)	72	static
../tensorflow_lite/tensorflow/lite/micro/test_helpers.cc:1712:15:const tflite::Tensor* tflite::testing::CreateMissingQuantizationFlatbufferTensor(int)	48	static
../tensorflow_lite/tensorflow/lite/micro/test_helpers.cc:1731:1:const flatbuffers::Vector<flatbuffers::Offset<tflite::Buffer> >* tflite::testing::CreateFlatbufferBuffers()	32	static
../tensorflow_lite/tensorflow/lite/micro/test_helpers.cc:1748:5:int tflite::testing::TestStrcmp(const char*, const char*)	0	static
../tensorflow_lite/tensorflow/lite/micro/test_helpers.cc:1761:6:)	12	static
../tensorflow_lite/tensorflow/lite/micro/test_helpers.cc:1773:17:TfLiteIntArray* tflite::testing::IntArrayFromInts(int*)	0	static
../tensorflow_lite/tensorflow/lite/micro/test_helpers.cc:1779:19:TfLiteFloatArray* tflite::testing::FloatArrayFromFloats(const float*)	0	static
../tensorflow_lite/tensorflow/lite/micro/test_helpers.cc:1787:14:TfLiteTensor tflite::testing::CreateQuantizedBiasTensor(const float*, int16_t*, TfLiteIntArray*, float, float, bool)	56	static
../tensorflow_lite/tensorflow/lite/micro/test_helpers.cc:1801:14:TfLiteTensor tflite::testing::CreateQuantizedBiasTensor(const float*, int32_t*, TfLiteIntArray*, float, float, bool)	56	static
../tensorflow_lite/tensorflow/lite/micro/test_helpers.cc:1815:14:TfLiteTensor tflite::testing::CreateQuantizedBiasTensor(const float*, int64_t*, TfLiteIntArray*, float, float, bool)	48	static
../tensorflow_lite/tensorflow/lite/micro/test_helpers.cc:1861:14:TfLiteTensor tflite::testing::CreatePerChannelQuantizedBiasTensor(const float*, int32_t*, TfLiteIntArray*, float, float*, float*, int*, TfLiteAffineQuantization*, int, bool)	88	static
../tensorflow_lite/tensorflow/lite/micro/test_helpers.cc:1871:14:TfLiteTensor tflite::testing::CreatePerChannelQuantizedBiasTensor(const float*, int64_t*, TfLiteIntArray*, float, float*, float*, int*, TfLiteAffineQuantization*, int, bool)	72	static
../tensorflow_lite/tensorflow/lite/micro/test_helpers.cc:1881:14:TfLiteTensor tflite::testing::CreateSymmetricPerChannelQuantizedTensor(const float*, int8_t*, TfLiteIntArray*, float*, int*, TfLiteAffineQuantization*, int, bool)	48	static
../tensorflow_lite/tensorflow/lite/micro/test_helpers.cc:1905:8:size_t tflite::testing::GetModelTensorCount(const tflite::Model*)	8	static
