../tensorflow_lite/tensorflow/lite/micro/arena_allocator/recording_single_arena_buffer_allocator.cc:32:1:tflite::RecordingSingleArenaBufferAllocator::~RecordingSingleArenaBufferAllocator()	8	static
../tensorflow_lite/tensorflow/lite/micro/arena_allocator/recording_single_arena_buffer_allocator.cc:32:1:virtual tflite::RecordingSingleArenaBufferAllocator::~RecordingSingleArenaBufferAllocator()	8	static
../tensorflow_lite/tensorflow/lite/micro/arena_allocator/recording_single_arena_buffer_allocator.cc:62:14:virtual TfLiteStatus tflite::RecordingSingleArenaBufferAllocator::ResizeBuffer(uint8_t*, size_t, size_t)	32	static
../tensorflow_lite/tensorflow/lite/micro/arena_allocator/recording_single_arena_buffer_allocator.cc:74:10:virtual uint8_t* tflite::RecordingSingleArenaBufferAllocator::AllocatePersistentBuffer(size_t, size_t)	32	static
/home/kai/Documents/university/polybox/Semester/HS23/MLonMCU/Exercise6/image_classification/tensorflow_lite/tensorflow/lite/micro/arena_allocator/recording_single_arena_buffer_allocator.h:33:3:virtual void* tflite::RecordingSingleArenaBufferAllocator::_ZThn4_N6tflite35RecordingSingleArenaBufferAllocatorD1Ev()	8	static
/home/kai/Documents/university/polybox/Semester/HS23/MLonMCU/Exercise6/image_classification/tensorflow_lite/tensorflow/lite/micro/arena_allocator/recording_single_arena_buffer_allocator.h:33:3:virtual void* tflite::RecordingSingleArenaBufferAllocator::_ZThn4_N6tflite35RecordingSingleArenaBufferAllocatorD0Ev()	8	static
/home/kai/Documents/university/polybox/Semester/HS23/MLonMCU/Exercise6/image_classification/tensorflow_lite/tensorflow/lite/micro/arena_allocator/recording_single_arena_buffer_allocator.h:51:12:virtual uint8_t* tflite::RecordingSingleArenaBufferAllocator::_ZThn4_N6tflite35RecordingSingleArenaBufferAllocator24AllocatePersistentBufferEjj(size_t, size_t)	32	static
../tensorflow_lite/tensorflow/lite/micro/arena_allocator/recording_single_arena_buffer_allocator.cc:24:1:tflite::RecordingSingleArenaBufferAllocator::RecordingSingleArenaBufferAllocator(tflite::ErrorReporter*, uint8_t*, size_t)	8	static
../tensorflow_lite/tensorflow/lite/micro/arena_allocator/recording_single_arena_buffer_allocator.cc:35:1:static tflite::RecordingSingleArenaBufferAllocator* tflite::RecordingSingleArenaBufferAllocator::Create(tflite::ErrorReporter*, uint8_t*, size_t)	80	static
../tensorflow_lite/tensorflow/lite/micro/arena_allocator/recording_single_arena_buffer_allocator.cc:50:8:size_t tflite::RecordingSingleArenaBufferAllocator::GetRequestedBytes() const	0	static
../tensorflow_lite/tensorflow/lite/micro/arena_allocator/recording_single_arena_buffer_allocator.cc:54:8:size_t tflite::RecordingSingleArenaBufferAllocator::GetUsedBytes() const	0	static
../tensorflow_lite/tensorflow/lite/micro/arena_allocator/recording_single_arena_buffer_allocator.cc:58:8:size_t tflite::RecordingSingleArenaBufferAllocator::GetAllocatedCount() const	0	static
